------------------------------------------------------------
TimeQuest Timing Analyzer Summary
------------------------------------------------------------

Type  : Slow 1200mV 85C Model Setup 'Clk'
Slack : -23.913
TNS   : -354.143

Type  : Slow 1200mV 85C Model Setup 'second:inst2|q'
Slack : -20.982
TNS   : -340.470

Type  : Slow 1200mV 85C Model Setup 'Low_sw_an[0]'
Slack : -18.770
TNS   : -137.688

Type  : Slow 1200mV 85C Model Hold 'Low_sw_an[0]'
Slack : -3.991
TNS   : -29.433

Type  : Slow 1200mV 85C Model Hold 'Clk'
Slack : 0.019
TNS   : 0.000

Type  : Slow 1200mV 85C Model Hold 'second:inst2|q'
Slack : 0.453
TNS   : 0.000

Type  : Slow 1200mV 85C Model Recovery 'second:inst2|q'
Slack : -3.984
TNS   : -59.906

Type  : Slow 1200mV 85C Model Recovery 'Low_sw_an[0]'
Slack : 0.109
TNS   : 0.000

Type  : Slow 1200mV 85C Model Removal 'Low_sw_an[0]'
Slack : -3.550
TNS   : -27.520

Type  : Slow 1200mV 85C Model Removal 'second:inst2|q'
Slack : 0.904
TNS   : 0.000

Type  : Slow 1200mV 85C Model Minimum Pulse Width 'Clk'
Slack : -3.000
TNS   : -84.785

Type  : Slow 1200mV 85C Model Minimum Pulse Width 'Low_sw_an[0]'
Slack : -3.000
TNS   : -64.222

Type  : Slow 1200mV 85C Model Minimum Pulse Width 'second:inst2|q'
Slack : -1.487
TNS   : -32.714

Type  : Slow 1200mV 0C Model Setup 'Clk'
Slack : -22.877
TNS   : -327.607

Type  : Slow 1200mV 0C Model Setup 'second:inst2|q'
Slack : -20.017
TNS   : -325.474

Type  : Slow 1200mV 0C Model Setup 'Low_sw_an[0]'
Slack : -18.087
TNS   : -132.271

Type  : Slow 1200mV 0C Model Hold 'Low_sw_an[0]'
Slack : -3.768
TNS   : -27.873

Type  : Slow 1200mV 0C Model Hold 'Clk'
Slack : 0.144
TNS   : 0.000

Type  : Slow 1200mV 0C Model Hold 'second:inst2|q'
Slack : 0.401
TNS   : 0.000

Type  : Slow 1200mV 0C Model Recovery 'second:inst2|q'
Slack : -3.745
TNS   : -56.607

Type  : Slow 1200mV 0C Model Recovery 'Low_sw_an[0]'
Slack : -0.042
TNS   : -0.125

Type  : Slow 1200mV 0C Model Removal 'Low_sw_an[0]'
Slack : -3.412
TNS   : -25.885

Type  : Slow 1200mV 0C Model Removal 'second:inst2|q'
Slack : 0.801
TNS   : 0.000

Type  : Slow 1200mV 0C Model Minimum Pulse Width 'Clk'
Slack : -3.000
TNS   : -84.785

Type  : Slow 1200mV 0C Model Minimum Pulse Width 'Low_sw_an[0]'
Slack : -3.000
TNS   : -57.759

Type  : Slow 1200mV 0C Model Minimum Pulse Width 'second:inst2|q'
Slack : -1.487
TNS   : -32.714

Type  : Fast 1200mV 0C Model Setup 'Clk'
Slack : -10.296
TNS   : -123.884

Type  : Fast 1200mV 0C Model Setup 'second:inst2|q'
Slack : -9.118
TNS   : -146.988

Type  : Fast 1200mV 0C Model Setup 'Low_sw_an[0]'
Slack : -8.112
TNS   : -59.077

Type  : Fast 1200mV 0C Model Hold 'Low_sw_an[0]'
Slack : -1.849
TNS   : -12.773

Type  : Fast 1200mV 0C Model Hold 'Clk'
Slack : -0.207
TNS   : -0.207

Type  : Fast 1200mV 0C Model Hold 'second:inst2|q'
Slack : 0.186
TNS   : 0.000

Type  : Fast 1200mV 0C Model Recovery 'second:inst2|q'
Slack : -1.719
TNS   : -25.795

Type  : Fast 1200mV 0C Model Recovery 'Low_sw_an[0]'
Slack : 0.098
TNS   : 0.000

Type  : Fast 1200mV 0C Model Removal 'Low_sw_an[0]'
Slack : -1.637
TNS   : -12.424

Type  : Fast 1200mV 0C Model Removal 'second:inst2|q'
Slack : 0.401
TNS   : 0.000

Type  : Fast 1200mV 0C Model Minimum Pulse Width 'Clk'
Slack : -3.000
TNS   : -61.536

Type  : Fast 1200mV 0C Model Minimum Pulse Width 'Low_sw_an[0]'
Slack : -3.000
TNS   : -16.470

Type  : Fast 1200mV 0C Model Minimum Pulse Width 'second:inst2|q'
Slack : -1.000
TNS   : -22.000

------------------------------------------------------------
